// Jest Snapshot v1, https://goo.gl/fbAQLP

exports[`ContactListComponent renders correctly 1`] = `null`;
