// Jest Snapshot v1, https://goo.gl/fbAQLP

exports[`ContactForm : ContactForm renders correctly 1`] = `null`;
