// Jest Snapshot v1, https://goo.gl/fbAQLP

exports[`ContactListPage : ContactListPage renders correctly 1`] = `null`;
